// Jest Snapshot v1, https://goo.gl/fbAQLP

exports[`matches snapshot 1`] = `
<DocumentFragment>
  <div>
    <li>
      <button>
        Remove Todo
      </button>
    </li>
  </div>
</DocumentFragment>
`;
